// Jest Snapshot v1, https://goo.gl/fbAQLP

exports[`<Gui/> Snapshot creates a snapshot 1`] = `
<div
  className="jsx-1631976848 controller-body"
  id="controller-body"
  style={
    Object {
      "transform": "translate(0px, 0px)",
    }
  }
>
  <div
    className="jsx-1631976848 drag"
    onMouseDown={[Function]}
  />
  <div
    className="jsx-1631976848 container"
  >
    <GuiNumber
      data={
        Object {
          "background": "#f9f7f7",
          "color": Object {
            "b": 184,
            "g": 239,
            "r": 96,
          },
          "div": 10,
          "mirror": true,
          "rainbow": false,
        }
      }
      key="0"
      label="Divisions"
      max={40}
      min={2}
      num={0}
      path="div"
      step={1}
      theme="light"
      updateData={[Function]}
    />
  </div>
  <div
    className="jsx-1631976848 control-button"
    onClick={[Function]}
  >
    Close Controls
  </div>
  <JSXStyle
    css=".controller-body.jsx-1631976848{position:fixed;margin:0;padding:0;box-sizing:border-box;width:300px;height:auto;background:rgb(250,250,250);border:1px solid rgb(214,214,214);border-radius:4px;overflow:hidden;z-index:100;}.dark.jsx-1631976848{background:#212121;border:1px solid #313131;}.container.jsx-1631976848{position:relative;margin:0;padding:0;box-sizing:border-box;width:100%;-webkit-transition:0.4s;transition:0.4s;max-height:calc(100vh - 54px);overflow:scroll;}.hide.jsx-1631976848{max-height:0px;}.drag.jsx-1631976848{position:relative;width:100%;height:24px;cursor:all-scroll;}.control-button.jsx-1631976848{position:relative;margin:0;padding:0;box-sizing:border-box;width:100%;height:30px;text-align:center;color:rgb(119,155,255);font-family:sans-serif;font-size:12px;padding-top:8px;font-weight:100;cursor:pointer;border-top:1px solid rgb(214,214,214);}.control-button-dark.jsx-1631976848{border-top:1px solid #313131;}"
    styleId="1631976848"
  />
</div>
`;
